---
source: xee-xpath/src/ir_interpret.rs
expression: "run(\"'hello'\")"
---
Ok(
    Atomic(
        String(
            "hello",
        ),
    ),
)
