---
source: xee-xpath/src/ir_interpret.rs
expression: "run(\"let $x := 1, $y := $x + 3 return $y + 5\")"
---
Ok(
    Atomic(
        Integer(
            9,
        ),
    ),
)
