---
source: xee-xpath/src/parse_ast.rs
expression: "parse_xpath_no_default_ns(\"1 + 2\")"
---
Ok(
    XPath {
        exprs: [
            (
                Binary(
                    BinaryExpr {
                        operator: Add,
                        left: PathExpr {
                            steps: [
                                PrimaryExpr(
                                    (
                                        Literal(
                                            Integer(
                                                1,
                                            ),
                                        ),
                                        0..1,
                                    ),
                                ),
                            ],
                        },
                        right: PathExpr {
                            steps: [
                                PrimaryExpr(
                                    (
                                        Literal(
                                            Integer(
                                                2,
                                            ),
                                        ),
                                        4..5,
                                    ),
                                ),
                            ],
                        },
                    },
                ),
                0..5,
            ),
        ],
    },
)
