---
source: xee-xpath/src/ir_interpret.rs
expression: "run(\"(1, 2) = (3, 2)\")"
---
Ok(
    Atomic(
        Boolean(
            true,
        ),
    ),
)
