---
source: xee-xpath/src/parse_ast.rs
expression: "parse_path_expr(\"1\")"
---
PathExpr {
    steps: [
        PrimaryExpr(
            (
                Literal(
                    Integer(
                        1,
                    ),
                ),
                0..1,
            ),
        ),
    ],
}
