---
source: xee-xpath/src/ir_interpret.rs
expression: "run(\"1 to 1\")"
---
Atomic(
    Integer(
        1,
    ),
)
