---
source: xee-xpath/src/ir_interpret.rs
expression: "run(\"my_function(?, 2)(5)\")"
---
Ok(
    Atomic(
        Integer(
            7,
        ),
    ),
)
