---
source: xee-xpath/src/ir_interpret.rs
expression: "run_xml(r#\"<doc><a/><b/><c/></doc>\"#, \"generate-id(doc/a)\")"
---
Ok(
    Atomic(
        String(
            "id_0_2",
        ),
    ),
)
