---
source: xee-xslt-ast/src/instruction.rs
expression: "parse(r#\"<xsl:variable xmlns:xsl=\"http://www.w3.org/1999/XSL/Transform\" name=\"foo\" select=\"true()\">Hello</xsl:variable>\"#)"
---
Ok(Variable(Variable(
  name: Name(
    name: "foo",
    prefix: None,
    namespace: None,
  ),
  select: Some(Expression(
    xpath: XPath(Expr([
      Path(PathExpr(
        steps: [
          PrimaryExpr(FunctionCall(FunctionCall(
            name: Name(
              name: "true",
              prefix: None,
              namespace: Some("http://www.w3.org/2005/xpath-functions"),
            ),
            arguments: [],
          ))),
        ],
      )),
    ])),
    span: Span(
      start: 82,
      end: 88,
    ),
  )),
  as_: None,
  static_: false,
  visibility: None,
  content: [
    TextNode("Hello"),
  ],
  standard: Standard(
    default_collation: None,
    default_mode: None,
    default_validation: None,
    exclude_result_prefixes: None,
    expand_text: None,
    extension_element_prefixes: None,
    use_when: None,
    version: None,
    xpath_default_namespace: None,
  ),
  span: Span(
    start: 1,
    end: 13,
  ),
)))
