---
source: xee-xslt-ast/src/instruction.rs
expression: "parse(r#\"<xsl:variable xmlns:xsl=\"http://www.w3.org/1999/XSL/Transform\" select=\"true()\">Hello</xsl:variable>\"#)"
---
Err(AttributeExpected(
  namespace: "",
  local: "name",
  span: Span(
    start: 1,
    end: 13,
  ),
))
