---
source: xee-xpath/src/interpreter/ir_interpret.rs
expression: "run(\"'hello' = 'hello'\")"
---
Ok(
    One(
        Atomic(
            Boolean(
                true,
            ),
        ),
    ),
)
