---
source: xee-xpath/src/interpreter/ir_interpret.rs
expression: "run_xml(r#\"<doc><a/><b><c/></b></doc>\"#,\n    \"doc/a / fn:root() / doc / fn:local-name()\")"
---
Ok(
    Sequence(
        Sequence(
            RefCell {
                value: InnerSequence {
                    items: [
                        Atomic(
                            String(
                                "doc",
                            ),
                        ),
                    ],
                },
            },
        ),
    ),
)
