---
source: xee-xpath/src/interpreter/ir_interpret.rs
expression: "run(\"(1, 2, 3)[(2, 3)[. > 2]]\")"
---
Ok(
    Item(
        Atomic(
            Integer(
                3,
            ),
        ),
    ),
)
