---
source: xee-xpath/src/interpreter/ir_interpret.rs
expression: "run(\"(1, 2), (3, 4) ! (. + 1)\")"
---
Ok(
    Sequence(
        StackSequence(
            RefCell {
                value: StackInnerSequence {
                    items: [
                        Atomic(
                            Integer(
                                1,
                            ),
                        ),
                        Atomic(
                            Integer(
                                2,
                            ),
                        ),
                        Atomic(
                            Integer(
                                4,
                            ),
                        ),
                        Atomic(
                            Integer(
                                5,
                            ),
                        ),
                    ],
                },
            },
        ),
    ),
)
