---
source: xee-xpath/src/interpreter/ir_interpret.rs
expression: "run(\"'foobar' cast as xs:Name\")"
---
Ok(
    One(
        Atomic(
            String(
                Name,
                "foobar",
            ),
        ),
    ),
)
