---
source: xee-xpath/src/interpreter/ir_interpret.rs
expression: "run(\"1, 2\")"
---
Ok(
    Many(
        [
            Atomic(
                Integer(
                    1,
                ),
            ),
            Atomic(
                Integer(
                    2,
                ),
            ),
        ],
    ),
)
