---
source: xee-xpath/src/interpreter/ir_interpret.rs
expression: "run(\"my_function(5, 2)\")"
---
Ok(
    Atomic(
        Integer(
            7,
        ),
    ),
)
