---
source: xee-xpath/src/interpreter/ir_interpret.rs
expression: "run(\"fn:last()\")"
---
Err(
    XPDY0002 {
        src: "fn:last()",
        span: SourceSpan {
            offset: SourceOffset(
                0,
            ),
            length: SourceOffset(
                9,
            ),
        },
    },
)
