---
source: xee-xpath/tests/xpath.rs
expression: "run(\"('P14M' cast as xs:yearMonthDuration) cast as xs:string\")"
---
Ok(
    Sequence {
        stack_value: One(
            Atomic(
                String(
                    String,
                    "P1Y2M",
                ),
            ),
        ),
    },
)
