---
source: xee-xpath/tests/arithmetic.rs
expression: "evaluate_without_focus(\"12 mod 5\")"
---
Ok(
    Sequence {
        stack_value: One(
            Atomic(
                Integer(
                    Integer,
                    2,
                ),
            ),
        ),
    },
)
