---
source: xee-xpath/src/ir/ast_ir.rs
expression: "convert_expr_single(\"unknown_function()\")"
---
Err(
    XPST0017,
)
