---
source: xee-xpath/src/ir/ast_ir.rs
expression: "convert_expr_single(\"let $x := 1 return 2\")"
---
Ok(
    Spanned {
        value: Let(
            Let {
                name: Name(
                    "v0",
                ),
                var_expr: Spanned {
                    value: Atom(
                        Spanned {
                            value: Const(
                                Integer(
                                    1,
                                ),
                            ),
                            span: SourceSpan {
                                offset: SourceOffset(
                                    10,
                                ),
                                length: SourceOffset(
                                    1,
                                ),
                            },
                        },
                    ),
                    span: SourceSpan {
                        offset: SourceOffset(
                            10,
                        ),
                        length: SourceOffset(
                            1,
                        ),
                    },
                },
                return_expr: Spanned {
                    value: Atom(
                        Spanned {
                            value: Const(
                                Integer(
                                    2,
                                ),
                            ),
                            span: SourceSpan {
                                offset: SourceOffset(
                                    19,
                                ),
                                length: SourceOffset(
                                    1,
                                ),
                            },
                        },
                    ),
                    span: SourceSpan {
                        offset: SourceOffset(
                            19,
                        ),
                        length: SourceOffset(
                            1,
                        ),
                    },
                },
            },
        ),
        span: SourceSpan {
            offset: SourceOffset(
                0,
            ),
            length: SourceOffset(
                20,
            ),
        },
    },
)
