---
source: xee-xpath/tests/xpath.rs
expression: "run(\". + 1\")"
---
Err(
    XPDY0002,
)
