---
source: xee-xpath/tests/xpath.rs
expression: "run(\"'xs:bar:baz' cast as xs:QName\")"
---
Err(
    SpannedError {
        error: FORG0001,
        span: SourceSpan(
            0,
            29,
        ),
    },
)
