---
source: xee-xpath/tests/xpath.rs
expression: "run(\".\")"
---
Err(
    XPDY0002,
)
